--------------------------------------------------------------------------------
Lattice Synthesis Timing Report, Version  
Tue Jun 17 20:40:56 2025

Copyright (c) 1991-1994 by NeoCAD Inc. All rights reserved.
Copyright (c) 1995 AT&T Corp.   All rights reserved.
Copyright (c) 1995-2001 Lucent Technologies Inc.  All rights reserved.
Copyright (c) 2001 Agere Systems   All rights reserved.
Copyright (c) 2002-2024 Lattice Semiconductor Corporation,  All rights reserved.

Report Information
------------------
Design:     fifo_8x8_buffer_circular
Constraint file:  
Report level:    verbose report, limited to 3 items per constraint
--------------------------------------------------------------------------------



================================================================================
Constraint: create_clock -period 5.000000 -name clk0 [get_nets clk_c]
            87 items scored, 4 timing errors detected.
--------------------------------------------------------------------------------


Error:  The following path violates requirements by 0.560ns

 Logical Details:  Cell type  Pin type       Cell name  (clock net +/-)

   Source:         FD1P3AX    CK             w_ptr_reg_i0  (from clk_c +)
   Destination:    FD1P3AY    D              empty_reg_49  (to clk_c +)

   Delay:                   5.735ns  (15.0% logic, 85.0% route), 4 logic levels.

 Constraint Details:

      5.735ns data_path w_ptr_reg_i0 to empty_reg_49 violates
      5.000ns delay constraint less
     -0.175ns L_S requirement (totaling 5.175ns) by 0.560ns

 Path Details: w_ptr_reg_i0 to empty_reg_49

   Name    Fanout   Delay (ns)          Pins               Resource(Cell.Net)
L_CO        ---     0.365             CK to Q              w_ptr_reg_i0 (from clk_c)
Route        16   e 1.674                                  w_ptr_reg[0]
LUT4        ---     0.166              A to Z              i1_2_lut
Route         2   e 1.158                                  n297
LUT4        ---     0.166              B to Z              i1_4_lut_adj_2
Route         1   e 1.020                                  n523
LUT4        ---     0.166              A to Z              i344_4_lut
Route         1   e 1.020                                  empty_next
                  --------
                    5.735  (15.0% logic, 85.0% route), 4 logic levels.


Error:  The following path violates requirements by 0.485ns

 Logical Details:  Cell type  Pin type       Cell name  (clock net +/-)

   Source:         FD1P3AX    CK             r_ptr_reg_i0  (from clk_c +)
   Destination:    FD1P3AY    D              empty_reg_49  (to clk_c +)

   Delay:                   5.660ns  (15.2% logic, 84.8% route), 4 logic levels.

 Constraint Details:

      5.660ns data_path r_ptr_reg_i0 to empty_reg_49 violates
      5.000ns delay constraint less
     -0.175ns L_S requirement (totaling 5.175ns) by 0.485ns

 Path Details: r_ptr_reg_i0 to empty_reg_49

   Name    Fanout   Delay (ns)          Pins               Resource(Cell.Net)
L_CO        ---     0.365             CK to Q              r_ptr_reg_i0 (from clk_c)
Route        11   e 1.599                                  r_ptr_reg[0]
LUT4        ---     0.166              B to Z              i1_2_lut
Route         2   e 1.158                                  n297
LUT4        ---     0.166              B to Z              i1_4_lut_adj_2
Route         1   e 1.020                                  n523
LUT4        ---     0.166              A to Z              i344_4_lut
Route         1   e 1.020                                  empty_next
                  --------
                    5.660  (15.2% logic, 84.8% route), 4 logic levels.


Error:  The following path violates requirements by 0.485ns

 Logical Details:  Cell type  Pin type       Cell name  (clock net +/-)

   Source:         FD1P3AX    CK             r_ptr_reg_i0  (from clk_c +)
   Destination:    FD1P3AY    D              empty_reg_49  (to clk_c +)

   Delay:                   5.660ns  (15.2% logic, 84.8% route), 4 logic levels.

 Constraint Details:

      5.660ns data_path r_ptr_reg_i0 to empty_reg_49 violates
      5.000ns delay constraint less
     -0.175ns L_S requirement (totaling 5.175ns) by 0.485ns

 Path Details: r_ptr_reg_i0 to empty_reg_49

   Name    Fanout   Delay (ns)          Pins               Resource(Cell.Net)
L_CO        ---     0.365             CK to Q              r_ptr_reg_i0 (from clk_c)
Route        11   e 1.599                                  r_ptr_reg[0]
LUT4        ---     0.166              B to Z              i185_2_lut
Route         2   e 1.158                                  r_ptr_succ[1]
LUT4        ---     0.166              A to Z              i1_4_lut_adj_2
Route         1   e 1.020                                  n523
LUT4        ---     0.166              A to Z              i344_4_lut
Route         1   e 1.020                                  empty_next
                  --------
                    5.660  (15.2% logic, 84.8% route), 4 logic levels.

Warning: 5.560 ns is the maximum delay for this constraint.


Timing Report Summary
--------------
--------------------------------------------------------------------------------
Constraint                              |   Constraint|       Actual|Levels
--------------------------------------------------------------------------------
                                        |             |             |
create_clock -period 5.000000 -name     |             |             |
clk0 [get_nets clk_c]                   |     5.000 ns|     5.560 ns|     4 *
                                        |             |             |
--------------------------------------------------------------------------------


1 constraints not met.

--------------------------------------------------------------------------------
Critical Nets                           |   Loads|  Errors| % of total
--------------------------------------------------------------------------------
empty_next                              |       1|       4|     99.00%
                                        |        |        |
n523                                    |       1|       4|     99.00%
                                        |        |        |
n297                                    |       2|       2|     50.00%
                                        |        |        |
r_ptr_reg[0]                            |      11|       2|     50.00%
                                        |        |        |
r_ptr_succ[1]                           |       2|       2|     50.00%
                                        |        |        |
r_ptr_reg[1]                            |       8|       1|     25.00%
                                        |        |        |
w_ptr_reg[0]                            |      16|       1|     25.00%
                                        |        |        |
--------------------------------------------------------------------------------


Timing summary:
---------------

Timing errors: 4  Score: 1951

Constraints cover  87 paths, 48 nets, and 131 connections (57.2% coverage)


Peak memory: 112263168 bytes, TRCE: 200704 bytes, DLYMAN: 0 bytes
CPU_TIME_REPORT: 0 secs 
